Building benchmark target...
g++ -std=c++17 -Wall -Wextra -pedantic -O2  -fopenmp -I src benchmarks/benchmark_runner.cpp src/benchmark_cases.cpp src/grid_planner.cpp src/grid_renderer.cpp src/collision_detector.cpp src/a_star.cpp src/time_expanded_bfs.cpp src/bitset_wavefront.cpp src/greedy_repair.cpp src/parallel_greedy_repair.cpp src/solution_snapshot.cpp -o benchmark_runner  -fopenmp  -lstdc++fs
=== wide_1024 bitset with N=1 ===
wide_1024
  Grid: 128x512 | Robots: 1024 | Planner: bitset-wavefront | Mode: independent-low-level | Workers: 1
  Total cost: 460740 | Total time: 628 | Final robot wait time: 0 | Final robot detours: 0 | Runtime: 56295.283 ms
  Independent planning collisions: 9973 | Low-level searches: 1024
  States expanded: 13891217770 | States generated: 13951794563
  Solution snapshot: benchmark_solutions/wide_1024_bitset_solution.txt

=== wide_1024 bitset with N=2 ===
wide_1024
  Grid: 128x512 | Robots: 1024 | Planner: bitset-wavefront | Mode: independent-low-level | Workers: 2
  Total cost: 460740 | Total time: 628 | Final robot wait time: 0 | Final robot detours: 0 | Runtime: 28986.329 ms
  Independent planning collisions: 9973 | Low-level searches: 1024
  States expanded: 13891217770 | States generated: 13951794563
  Solution snapshot: benchmark_solutions/wide_1024_bitset_solution.txt

=== wide_1024 bitset with N=4 ===
wide_1024
  Grid: 128x512 | Robots: 1024 | Planner: bitset-wavefront | Mode: independent-low-level | Workers: 4
  Total cost: 460740 | Total time: 628 | Final robot wait time: 0 | Final robot detours: 0 | Runtime: 16505.507 ms
  Independent planning collisions: 9973 | Low-level searches: 1024
  States expanded: 13891217770 | States generated: 13951794563
  Solution snapshot: benchmark_solutions/wide_1024_bitset_solution.txt

=== wide_1024 bitset with N=8 ===
wide_1024
  Grid: 128x512 | Robots: 1024 | Planner: bitset-wavefront | Mode: independent-low-level | Workers: 8
  Total cost: 460740 | Total time: 628 | Final robot wait time: 0 | Final robot detours: 0 | Runtime: 10575.950 ms
  Independent planning collisions: 9973 | Low-level searches: 1024
  States expanded: 13891217770 | States generated: 13951794563
  Solution snapshot: benchmark_solutions/wide_1024_bitset_solution.txt

=== wide_1024 bitset with N=16 ===
wide_1024
  Grid: 128x512 | Robots: 1024 | Planner: bitset-wavefront | Mode: independent-low-level | Workers: 16
  Total cost: 460740 | Total time: 628 | Final robot wait time: 0 | Final robot detours: 0 | Runtime: 6585.512 ms
  Independent planning collisions: 9973 | Low-level searches: 1024
  States expanded: 13891217770 | States generated: 13951794563
  Solution snapshot: benchmark_solutions/wide_1024_bitset_solution.txt

=== wide_1024 bitset with N=32 ===
wide_1024
  Grid: 128x512 | Robots: 1024 | Planner: bitset-wavefront | Mode: independent-low-level | Workers: 32
  Total cost: 460740 | Total time: 628 | Final robot wait time: 0 | Final robot detours: 0 | Runtime: 5770.095 ms
  Independent planning collisions: 9973 | Low-level searches: 1024
  States expanded: 13891217770 | States generated: 13951794563
  Solution snapshot: benchmark_solutions/wide_1024_bitset_solution.txt

=== wide_1024 bitset with N=64 ===
wide_1024
  Grid: 128x512 | Robots: 1024 | Planner: bitset-wavefront | Mode: independent-low-level | Workers: 64
  Total cost: 460740 | Total time: 628 | Final robot wait time: 0 | Final robot detours: 0 | Runtime: 6096.952 ms
  Independent planning collisions: 9973 | Low-level searches: 1024
  States expanded: 13891217770 | States generated: 13951794563
  Solution snapshot: benchmark_solutions/wide_1024_bitset_solution.txt

=== wide_1024 bitset with N=128 ===
wide_1024
  Grid: 128x512 | Robots: 1024 | Planner: bitset-wavefront | Mode: independent-low-level | Workers: 128
  Total cost: 460740 | Total time: 628 | Final robot wait time: 0 | Final robot detours: 0 | Runtime: 5077.864 ms
  Independent planning collisions: 9973 | Low-level searches: 1024
  States expanded: 13891217770 | States generated: 13951794563
  Solution snapshot: benchmark_solutions/wide_1024_bitset_solution.txt

Combined results written to benchmark_results/wide_1024_bitset_scaling_40256648.txt
