Building benchmark target...
g++ -std=c++17 -Wall -Wextra -pedantic -O2  -fopenmp -I src benchmarks/benchmark_runner.cpp src/benchmark_cases.cpp src/grid_planner.cpp src/grid_renderer.cpp src/collision_detector.cpp src/a_star.cpp src/time_expanded_bfs.cpp src/bitset_wavefront.cpp src/greedy_repair.cpp src/parallel_greedy_repair.cpp src/solution_snapshot.cpp -o benchmark_runner  -fopenmp  -lstdc++fs
=== few_16 bitset with N=1 ===
few_16
  Grid: 32x32 | Robots: 16 | Planner: bitset-wavefront-mapf | Top-K disjoint conflicts: 32 | Low-level: bitset-wavefront | Workers: 1
  Total cost: 667 | Total time: 55 | Final robot wait time: 0 | Final robot detours: 0 | Runtime: 81.932 ms
  Repair iterations: 59 | Conflicts considered: 112 | Candidate repairs: 224
  Low-level searches: 240 | Successful repairs: 64 | Failed repairs: 0 | Stagnant repairs: 45
  States expanded: 5348991 | States generated: 5584561
  Solution snapshot: benchmark_solutions/few_16_bitset_solution.txt

=== few_16 bitset with N=2 ===
few_16
  Grid: 32x32 | Robots: 16 | Planner: bitset-wavefront-mapf | Top-K disjoint conflicts: 32 | Low-level: bitset-wavefront | Workers: 2
  Total cost: 667 | Total time: 55 | Final robot wait time: 0 | Final robot detours: 0 | Runtime: 56.840 ms
  Repair iterations: 59 | Conflicts considered: 112 | Candidate repairs: 224
  Low-level searches: 240 | Successful repairs: 64 | Failed repairs: 0 | Stagnant repairs: 45
  States expanded: 5348991 | States generated: 5584561
  Solution snapshot: benchmark_solutions/few_16_bitset_solution.txt

=== few_16 bitset with N=4 ===
few_16
  Grid: 32x32 | Robots: 16 | Planner: bitset-wavefront-mapf | Top-K disjoint conflicts: 32 | Low-level: bitset-wavefront | Workers: 4
  Total cost: 667 | Total time: 55 | Final robot wait time: 0 | Final robot detours: 0 | Runtime: 46.751 ms
  Repair iterations: 59 | Conflicts considered: 112 | Candidate repairs: 224
  Low-level searches: 240 | Successful repairs: 64 | Failed repairs: 0 | Stagnant repairs: 45
  States expanded: 5348991 | States generated: 5584561
  Solution snapshot: benchmark_solutions/few_16_bitset_solution.txt

=== few_16 bitset with N=8 ===
few_16
  Grid: 32x32 | Robots: 16 | Planner: bitset-wavefront-mapf | Top-K disjoint conflicts: 32 | Low-level: bitset-wavefront | Workers: 8
  Total cost: 667 | Total time: 55 | Final robot wait time: 0 | Final robot detours: 0 | Runtime: 45.718 ms
  Repair iterations: 59 | Conflicts considered: 112 | Candidate repairs: 224
  Low-level searches: 240 | Successful repairs: 64 | Failed repairs: 0 | Stagnant repairs: 45
  States expanded: 5348991 | States generated: 5584561
  Solution snapshot: benchmark_solutions/few_16_bitset_solution.txt

=== few_16 bitset with N=16 ===
few_16
  Grid: 32x32 | Robots: 16 | Planner: bitset-wavefront-mapf | Top-K disjoint conflicts: 32 | Low-level: bitset-wavefront | Workers: 16
  Total cost: 667 | Total time: 55 | Final robot wait time: 0 | Final robot detours: 0 | Runtime: 48.625 ms
  Repair iterations: 59 | Conflicts considered: 112 | Candidate repairs: 224
  Low-level searches: 240 | Successful repairs: 64 | Failed repairs: 0 | Stagnant repairs: 45
  States expanded: 5348991 | States generated: 5584561
  Solution snapshot: benchmark_solutions/few_16_bitset_solution.txt

=== few_16 bitset with N=32 ===
few_16
  Grid: 32x32 | Robots: 16 | Planner: bitset-wavefront-mapf | Top-K disjoint conflicts: 32 | Low-level: bitset-wavefront | Workers: 32
  Total cost: 667 | Total time: 55 | Final robot wait time: 0 | Final robot detours: 0 | Runtime: 51.867 ms
  Repair iterations: 59 | Conflicts considered: 112 | Candidate repairs: 224
  Low-level searches: 240 | Successful repairs: 64 | Failed repairs: 0 | Stagnant repairs: 45
  States expanded: 5348991 | States generated: 5584561
  Solution snapshot: benchmark_solutions/few_16_bitset_solution.txt

=== few_16 bitset with N=64 ===
few_16
  Grid: 32x32 | Robots: 16 | Planner: bitset-wavefront-mapf | Top-K disjoint conflicts: 32 | Low-level: bitset-wavefront | Workers: 64
  Total cost: 667 | Total time: 55 | Final robot wait time: 0 | Final robot detours: 0 | Runtime: 54.617 ms
  Repair iterations: 59 | Conflicts considered: 112 | Candidate repairs: 224
  Low-level searches: 240 | Successful repairs: 64 | Failed repairs: 0 | Stagnant repairs: 45
  States expanded: 5348991 | States generated: 5584561
  Solution snapshot: benchmark_solutions/few_16_bitset_solution.txt

=== few_16 bitset with N=128 ===
few_16
  Grid: 32x32 | Robots: 16 | Planner: bitset-wavefront-mapf | Top-K disjoint conflicts: 32 | Low-level: bitset-wavefront | Workers: 128
  Total cost: 667 | Total time: 55 | Final robot wait time: 0 | Final robot detours: 0 | Runtime: 59.213 ms
  Repair iterations: 59 | Conflicts considered: 112 | Candidate repairs: 224
  Low-level searches: 240 | Successful repairs: 64 | Failed repairs: 0 | Stagnant repairs: 45
  States expanded: 5348991 | States generated: 5584561
  Solution snapshot: benchmark_solutions/few_16_bitset_solution.txt

Combined results written to benchmark_results/few_16_bitset_scaling_40261582.txt
