Building benchmark target...
g++ -std=c++17 -Wall -Wextra -pedantic -O2  -fopenmp -I src benchmarks/benchmark_runner.cpp src/benchmark_cases.cpp src/grid_planner.cpp src/grid_renderer.cpp src/collision_detector.cpp src/a_star.cpp src/greedy_repair.cpp -o benchmark_runner  -fopenmp  -lstdc++fs
=== few_32 with N=1 ===
few_32
  Grid: 32x32 | Robots: 32 | Planner: greedy-batch | Top-K disjoint conflicts: 32 | Workers: 1
  Total cost: 977 | Total time: 38 | Final robot wait time: 0 | Final robot detours: 0 | Runtime: 16355.692 ms
  Repair iterations: 1204 | Conflicts considered: 5829 | Candidate repairs: 11658
  A* calls: 11690 | Successful repairs: 1230 | Failed repairs: 0 | Stagnant repairs: 846
  States expanded: 14432561 | States generated: 25980487

=== few_32 with N=2 ===
few_32
  Grid: 32x32 | Robots: 32 | Planner: greedy-batch | Top-K disjoint conflicts: 32 | Workers: 2
  Total cost: 977 | Total time: 38 | Final robot wait time: 0 | Final robot detours: 0 | Runtime: 11282.889 ms
  Repair iterations: 1204 | Conflicts considered: 5829 | Candidate repairs: 11658
  A* calls: 11690 | Successful repairs: 1230 | Failed repairs: 0 | Stagnant repairs: 846
  States expanded: 14432561 | States generated: 25980487

=== few_32 with N=4 ===
few_32
  Grid: 32x32 | Robots: 32 | Planner: greedy-batch | Top-K disjoint conflicts: 32 | Workers: 4
  Total cost: 977 | Total time: 38 | Final robot wait time: 0 | Final robot detours: 0 | Runtime: 8772.528 ms
  Repair iterations: 1204 | Conflicts considered: 5829 | Candidate repairs: 11658
  A* calls: 11690 | Successful repairs: 1230 | Failed repairs: 0 | Stagnant repairs: 846
  States expanded: 14432561 | States generated: 25980487

=== few_32 with N=8 ===
few_32
  Grid: 32x32 | Robots: 32 | Planner: greedy-batch | Top-K disjoint conflicts: 32 | Workers: 8
  Total cost: 977 | Total time: 38 | Final robot wait time: 0 | Final robot detours: 0 | Runtime: 8034.785 ms
  Repair iterations: 1204 | Conflicts considered: 5829 | Candidate repairs: 11658
  A* calls: 11690 | Successful repairs: 1230 | Failed repairs: 0 | Stagnant repairs: 846
  States expanded: 14432561 | States generated: 25980487

=== few_32 with N=16 ===
few_32
  Grid: 32x32 | Robots: 32 | Planner: greedy-batch | Top-K disjoint conflicts: 32 | Workers: 16
  Total cost: 977 | Total time: 38 | Final robot wait time: 0 | Final robot detours: 0 | Runtime: 7923.963 ms
  Repair iterations: 1204 | Conflicts considered: 5829 | Candidate repairs: 11658
  A* calls: 11690 | Successful repairs: 1230 | Failed repairs: 0 | Stagnant repairs: 846
  States expanded: 14432561 | States generated: 25980487

=== few_32 with N=32 ===
few_32
  Grid: 32x32 | Robots: 32 | Planner: greedy-batch | Top-K disjoint conflicts: 32 | Workers: 32
  Total cost: 977 | Total time: 38 | Final robot wait time: 0 | Final robot detours: 0 | Runtime: 7970.859 ms
  Repair iterations: 1204 | Conflicts considered: 5829 | Candidate repairs: 11658
  A* calls: 11690 | Successful repairs: 1230 | Failed repairs: 0 | Stagnant repairs: 846
  States expanded: 14432561 | States generated: 25980487

=== few_32 with N=64 ===
few_32
  Grid: 32x32 | Robots: 32 | Planner: greedy-batch | Top-K disjoint conflicts: 32 | Workers: 64
  Total cost: 977 | Total time: 38 | Final robot wait time: 0 | Final robot detours: 0 | Runtime: 8070.690 ms
  Repair iterations: 1204 | Conflicts considered: 5829 | Candidate repairs: 11658
  A* calls: 11690 | Successful repairs: 1230 | Failed repairs: 0 | Stagnant repairs: 846
  States expanded: 14432561 | States generated: 25980487

=== few_32 with N=128 ===
few_32
  Grid: 32x32 | Robots: 32 | Planner: greedy-batch | Top-K disjoint conflicts: 32 | Workers: 128
  Total cost: 977 | Total time: 38 | Final robot wait time: 0 | Final robot detours: 0 | Runtime: 8231.266 ms
  Repair iterations: 1204 | Conflicts considered: 5829 | Candidate repairs: 11658
  A* calls: 11690 | Successful repairs: 1230 | Failed repairs: 0 | Stagnant repairs: 846
  States expanded: 14432561 | States generated: 25980487

Combined results written to benchmark_results/few_32_scaling_40166972.txt
