Building sequential benchmark target...
g++ -std=c++17 -Wall -Wextra -pedantic -O2 -I src benchmarks/benchmark_runner.cpp src/benchmark_cases.cpp src/grid_planner.cpp src/grid_renderer.cpp src/collision_detector.cpp src/a_star.cpp src/greedy_repair.cpp -o benchmark_runner_seq  -lstdc++fs
Running sequential benchmark targets:
  svg_few_8_seq
  svg_few_16_seq
  svg_medium_16_seq
  svg_medium_32_seq
  svg_abundant_64_seq
  svg_abundant_128_seq

=== make svg_few_8_seq ===
mkdir -p benchmark_svgs_seq
mkdir -p benchmark_results
./benchmark_runner_seq few_8 benchmark_svgs_seq | tee benchmark_results/few_8_seq.txt
few_8
  Grid: 32x32 | Robots: 8 | Planner: greedy-topk | Top-K conflicts: 8 | Workers: 1
  Total cost: 287 | Total time: 49 | Final robot wait time: 0 | Final robot detours: 0 | Runtime: 6.331 ms
  Repair iterations: 1 | Conflicts considered: 1 | Candidate repairs: 2
  A* calls: 10 | Successful repairs: 1 | Failed repairs: 0 | Stagnant repairs: 0
  States expanded: 8300 | States generated: 16724
  Input SVG: benchmark_svgs_seq/few_8_input.svg | Solution SVG: benchmark_svgs_seq/few_8_solution.svg

=== make svg_few_16_seq ===
mkdir -p benchmark_svgs_seq
mkdir -p benchmark_results
./benchmark_runner_seq few_16 benchmark_svgs_seq | tee benchmark_results/few_16_seq.txt
few_16
  Grid: 32x32 | Robots: 16 | Planner: greedy-topk | Top-K conflicts: 8 | Workers: 1
  Total cost: 678 | Total time: 55 | Final robot wait time: 0 | Final robot detours: 0 | Runtime: 293.210 ms
  Repair iterations: 78 | Conflicts considered: 191 | Candidate repairs: 382
  A* calls: 398 | Successful repairs: 78 | Failed repairs: 0 | Stagnant repairs: 53
  States expanded: 252184 | States generated: 668835
  Input SVG: benchmark_svgs_seq/few_16_input.svg | Solution SVG: benchmark_svgs_seq/few_16_solution.svg

=== make svg_medium_16_seq ===
mkdir -p benchmark_svgs_seq
mkdir -p benchmark_results
./benchmark_runner_seq medium_16 benchmark_svgs_seq | tee benchmark_results/medium_16_seq.txt
medium_16
  Grid: 128x128 | Robots: 16 | Planner: greedy-topk | Top-K conflicts: 8 | Workers: 1
  Total cost: 2624 | Total time: 221 | Final robot wait time: 0 | Final robot detours: 0 | Runtime: 4684.689 ms
  Repair iterations: 156 | Conflicts considered: 322 | Candidate repairs: 644
  A* calls: 660 | Successful repairs: 156 | Failed repairs: 0 | Stagnant repairs: 96
  States expanded: 4512172 | States generated: 13759173
  Input SVG: benchmark_svgs_seq/medium_16_input.svg | Solution SVG: benchmark_svgs_seq/medium_16_solution.svg

=== make svg_medium_32_seq ===
mkdir -p benchmark_svgs_seq
mkdir -p benchmark_results
./benchmark_runner_seq medium_32 benchmark_svgs_seq | tee benchmark_results/medium_32_seq.txt
medium_32
  Grid: 128x128 | Robots: 32 | Planner: greedy-topk | Top-K conflicts: 8 | Workers: 1
  Total cost: 5202 | Total time: 239 | Final robot wait time: 1 | Final robot detours: 0 | Runtime: 21464.839 ms
  Repair iterations: 272 | Conflicts considered: 758 | Candidate repairs: 1516
  A* calls: 1548 | Successful repairs: 272 | Failed repairs: 0 | Stagnant repairs: 173
  States expanded: 21945443 | States generated: 54953109
  Input SVG: benchmark_svgs_seq/medium_32_input.svg | Solution SVG: benchmark_svgs_seq/medium_32_solution.svg

=== make svg_abundant_64_seq ===
mkdir -p benchmark_svgs_seq
mkdir -p benchmark_results
./benchmark_runner_seq abundant_64 benchmark_svgs_seq | tee benchmark_results/abundant_64_seq.txt
abundant_64
  Grid: 512x512 | Robots: 64 | Planner: greedy-topk | Top-K conflicts: 8 | Workers: 1
  Total cost: 39477 | Total time: 956 | Final robot wait time: 0 | Final robot detours: 0 | Runtime: 690749.046 ms
  Repair iterations: 510 | Conflicts considered: 929 | Candidate repairs: 1858
  A* calls: 1922 | Successful repairs: 510 | Failed repairs: 0 | Stagnant repairs: 354
  States expanded: 462254720 | States generated: 759875488
  Input SVG: benchmark_svgs_seq/abundant_64_input.svg | Solution SVG: benchmark_svgs_seq/abundant_64_solution.svg

=== make svg_abundant_128_seq ===
mkdir -p benchmark_svgs_seq
mkdir -p benchmark_results
./benchmark_runner_seq abundant_128 benchmark_svgs_seq | tee benchmark_results/abundant_128_seq.txt
slurmstepd: error: *** JOB 38796924 ON r414 CANCELLED AT 2026-04-11T16:33:18 ***
