Building benchmark target...
g++ -std=c++17 -Wall -Wextra -pedantic -O2  -fopenmp -I src benchmarks/benchmark_runner.cpp src/benchmark_cases.cpp src/grid_planner.cpp src/grid_renderer.cpp src/collision_detector.cpp src/a_star.cpp src/greedy_repair.cpp -o benchmark_runner  -fopenmp  -lstdc++fs
=== few_32 with N=1 ===
few_32
  Grid: 32x32 | Robots: 32 | Planner: greedy-batch | Top-K disjoint conflicts: 8 | Workers: 1
  Total cost: 987 | Total time: 38 | Final robot wait time: 0 | Final robot detours: 0 | Runtime: 19117.088 ms
  Repair iterations: 1005 | Conflicts considered: 5194 | Candidate repairs: 10388
  A* calls: 10420 | Successful repairs: 1025 | Failed repairs: 0 | Stagnant repairs: 684
  States expanded: 18636967 | States generated: 31327282

=== few_32 with N=2 ===
few_32
  Grid: 32x32 | Robots: 32 | Planner: greedy-batch | Top-K disjoint conflicts: 8 | Workers: 2
  Total cost: 987 | Total time: 38 | Final robot wait time: 0 | Final robot detours: 0 | Runtime: 11591.945 ms
  Repair iterations: 1005 | Conflicts considered: 5194 | Candidate repairs: 10388
  A* calls: 10420 | Successful repairs: 1025 | Failed repairs: 0 | Stagnant repairs: 684
  States expanded: 18636967 | States generated: 31327282

=== few_32 with N=4 ===
few_32
  Grid: 32x32 | Robots: 32 | Planner: greedy-batch | Top-K disjoint conflicts: 8 | Workers: 4
  Total cost: 987 | Total time: 38 | Final robot wait time: 0 | Final robot detours: 0 | Runtime: 7924.125 ms
  Repair iterations: 1005 | Conflicts considered: 5194 | Candidate repairs: 10388
  A* calls: 10420 | Successful repairs: 1025 | Failed repairs: 0 | Stagnant repairs: 684
  States expanded: 18636967 | States generated: 31327282

=== few_32 with N=8 ===
few_32
  Grid: 32x32 | Robots: 32 | Planner: greedy-batch | Top-K disjoint conflicts: 8 | Workers: 8
  Total cost: 987 | Total time: 38 | Final robot wait time: 0 | Final robot detours: 0 | Runtime: 6748.366 ms
  Repair iterations: 1005 | Conflicts considered: 5194 | Candidate repairs: 10388
  A* calls: 10420 | Successful repairs: 1025 | Failed repairs: 0 | Stagnant repairs: 684
  States expanded: 18636967 | States generated: 31327282

=== few_32 with N=16 ===
few_32
  Grid: 32x32 | Robots: 32 | Planner: greedy-batch | Top-K disjoint conflicts: 8 | Workers: 16
  Total cost: 987 | Total time: 38 | Final robot wait time: 0 | Final robot detours: 0 | Runtime: 6534.966 ms
  Repair iterations: 1005 | Conflicts considered: 5194 | Candidate repairs: 10388
  A* calls: 10420 | Successful repairs: 1025 | Failed repairs: 0 | Stagnant repairs: 684
  States expanded: 18636967 | States generated: 31327282

=== few_32 with N=32 ===
few_32
  Grid: 32x32 | Robots: 32 | Planner: greedy-batch | Top-K disjoint conflicts: 8 | Workers: 32
  Total cost: 987 | Total time: 38 | Final robot wait time: 0 | Final robot detours: 0 | Runtime: 6543.365 ms
  Repair iterations: 1005 | Conflicts considered: 5194 | Candidate repairs: 10388
  A* calls: 10420 | Successful repairs: 1025 | Failed repairs: 0 | Stagnant repairs: 684
  States expanded: 18636967 | States generated: 31327282

=== few_32 with N=64 ===
few_32
  Grid: 32x32 | Robots: 32 | Planner: greedy-batch | Top-K disjoint conflicts: 8 | Workers: 64
  Total cost: 987 | Total time: 38 | Final robot wait time: 0 | Final robot detours: 0 | Runtime: 6633.647 ms
  Repair iterations: 1005 | Conflicts considered: 5194 | Candidate repairs: 10388
  A* calls: 10420 | Successful repairs: 1025 | Failed repairs: 0 | Stagnant repairs: 684
  States expanded: 18636967 | States generated: 31327282

=== few_32 with N=128 ===
few_32
  Grid: 32x32 | Robots: 32 | Planner: greedy-batch | Top-K disjoint conflicts: 8 | Workers: 128
  Total cost: 987 | Total time: 38 | Final robot wait time: 0 | Final robot detours: 0 | Runtime: 15612.165 ms
  Repair iterations: 1005 | Conflicts considered: 5194 | Candidate repairs: 10388
  A* calls: 10420 | Successful repairs: 1025 | Failed repairs: 0 | Stagnant repairs: 684
  States expanded: 18636967 | States generated: 31327282

Combined results written to benchmark_results/few_32_scaling_40152872.txt
