Building benchmark target...
g++ -std=c++17 -Wall -Wextra -pedantic -O2  -fopenmp -I src benchmarks/benchmark_runner.cpp src/benchmark_cases.cpp src/grid_planner.cpp src/grid_renderer.cpp src/collision_detector.cpp src/a_star.cpp src/greedy_repair.cpp -o benchmark_runner  -fopenmp  -lstdc++fs
=== medium_32 with N=1 ===
medium_32
  Grid: 128x128 | Robots: 32 | Planner: greedy-topk | Top-K conflicts: 8 | Workers: 1
  Total cost: 5202 | Total time: 239 | Final robot wait time: 1 | Final robot detours: 0 | Runtime: 22049.586 ms
  Repair iterations: 272 | Conflicts considered: 758 | Candidate repairs: 1516
  A* calls: 1548 | Successful repairs: 272 | Failed repairs: 0 | Stagnant repairs: 173
  States expanded: 21945443 | States generated: 54953109

=== medium_32 with N=2 ===
medium_32
  Grid: 128x128 | Robots: 32 | Planner: greedy-topk | Top-K conflicts: 8 | Workers: 2
  Total cost: 5202 | Total time: 239 | Final robot wait time: 1 | Final robot detours: 0 | Runtime: 13973.993 ms
  Repair iterations: 272 | Conflicts considered: 758 | Candidate repairs: 1516
  A* calls: 1548 | Successful repairs: 272 | Failed repairs: 0 | Stagnant repairs: 173
  States expanded: 21945443 | States generated: 54953109

=== medium_32 with N=4 ===
medium_32
  Grid: 128x128 | Robots: 32 | Planner: greedy-topk | Top-K conflicts: 8 | Workers: 4
  Total cost: 5202 | Total time: 239 | Final robot wait time: 1 | Final robot detours: 0 | Runtime: 10698.183 ms
  Repair iterations: 272 | Conflicts considered: 758 | Candidate repairs: 1516
  A* calls: 1548 | Successful repairs: 272 | Failed repairs: 0 | Stagnant repairs: 173
  States expanded: 21945443 | States generated: 54953109

=== medium_32 with N=8 ===
medium_32
  Grid: 128x128 | Robots: 32 | Planner: greedy-topk | Top-K conflicts: 8 | Workers: 8
  Total cost: 5202 | Total time: 239 | Final robot wait time: 1 | Final robot detours: 0 | Runtime: 8979.947 ms
  Repair iterations: 272 | Conflicts considered: 758 | Candidate repairs: 1516
  A* calls: 1548 | Successful repairs: 272 | Failed repairs: 0 | Stagnant repairs: 173
  States expanded: 21945443 | States generated: 54953109

=== medium_32 with N=16 ===
medium_32
  Grid: 128x128 | Robots: 32 | Planner: greedy-topk | Top-K conflicts: 8 | Workers: 16
  Total cost: 5202 | Total time: 239 | Final robot wait time: 1 | Final robot detours: 0 | Runtime: 8790.852 ms
  Repair iterations: 272 | Conflicts considered: 758 | Candidate repairs: 1516
  A* calls: 1548 | Successful repairs: 272 | Failed repairs: 0 | Stagnant repairs: 173
  States expanded: 21945443 | States generated: 54953109

=== medium_32 with N=32 ===
medium_32
  Grid: 128x128 | Robots: 32 | Planner: greedy-topk | Top-K conflicts: 8 | Workers: 32
  Total cost: 5202 | Total time: 239 | Final robot wait time: 1 | Final robot detours: 0 | Runtime: 8794.686 ms
  Repair iterations: 272 | Conflicts considered: 758 | Candidate repairs: 1516
  A* calls: 1548 | Successful repairs: 272 | Failed repairs: 0 | Stagnant repairs: 173
  States expanded: 21945443 | States generated: 54953109

=== medium_32 with N=64 ===
medium_32
  Grid: 128x128 | Robots: 32 | Planner: greedy-topk | Top-K conflicts: 8 | Workers: 64
  Total cost: 5202 | Total time: 239 | Final robot wait time: 1 | Final robot detours: 0 | Runtime: 8821.111 ms
  Repair iterations: 272 | Conflicts considered: 758 | Candidate repairs: 1516
  A* calls: 1548 | Successful repairs: 272 | Failed repairs: 0 | Stagnant repairs: 173
  States expanded: 21945443 | States generated: 54953109

=== medium_32 with N=128 ===
slurmstepd: error: *** JOB 38796112 ON r378 CANCELLED AT 2026-04-11T15:54:43 ***
