Building benchmark target...
g++ -std=c++17 -Wall -Wextra -pedantic -O2  -fopenmp -I src benchmarks/benchmark_runner.cpp src/benchmark_cases.cpp src/grid_planner.cpp src/grid_renderer.cpp src/collision_detector.cpp src/a_star.cpp src/greedy_repair.cpp -o benchmark_runner  -fopenmp  -lstdc++fs
=== medium_32 with N=1 ===
medium_32
  Grid: 128x128 | Robots: 32 | Planner: greedy-batch | Top-K disjoint conflicts: 32 | Workers: 1
  Total cost: 5200 | Total time: 238 | Final robot wait time: 0 | Final robot detours: 0 | Runtime: 5679.940 ms
  Repair iterations: 84 | Conflicts considered: 91 | Candidate repairs: 182
  A* calls: 214 | Successful repairs: 90 | Failed repairs: 0 | Stagnant repairs: 77
  States expanded: 4087919 | States generated: 9142956

=== medium_32 with N=2 ===
medium_32
  Grid: 128x128 | Robots: 32 | Planner: greedy-batch | Top-K disjoint conflicts: 32 | Workers: 2
  Total cost: 5200 | Total time: 238 | Final robot wait time: 0 | Final robot detours: 0 | Runtime: 3897.418 ms
  Repair iterations: 84 | Conflicts considered: 91 | Candidate repairs: 182
  A* calls: 214 | Successful repairs: 90 | Failed repairs: 0 | Stagnant repairs: 77
  States expanded: 4087919 | States generated: 9142956

=== medium_32 with N=4 ===
medium_32
  Grid: 128x128 | Robots: 32 | Planner: greedy-batch | Top-K disjoint conflicts: 32 | Workers: 4
  Total cost: 5200 | Total time: 238 | Final robot wait time: 0 | Final robot detours: 0 | Runtime: 3290.684 ms
  Repair iterations: 84 | Conflicts considered: 91 | Candidate repairs: 182
  A* calls: 214 | Successful repairs: 90 | Failed repairs: 0 | Stagnant repairs: 77
  States expanded: 4087919 | States generated: 9142956

=== medium_32 with N=8 ===
medium_32
  Grid: 128x128 | Robots: 32 | Planner: greedy-batch | Top-K disjoint conflicts: 32 | Workers: 8
  Total cost: 5200 | Total time: 238 | Final robot wait time: 0 | Final robot detours: 0 | Runtime: 3147.514 ms
  Repair iterations: 84 | Conflicts considered: 91 | Candidate repairs: 182
  A* calls: 214 | Successful repairs: 90 | Failed repairs: 0 | Stagnant repairs: 77
  States expanded: 4087919 | States generated: 9142956

=== medium_32 with N=16 ===
medium_32
  Grid: 128x128 | Robots: 32 | Planner: greedy-batch | Top-K disjoint conflicts: 32 | Workers: 16
  Total cost: 5200 | Total time: 238 | Final robot wait time: 0 | Final robot detours: 0 | Runtime: 3147.858 ms
  Repair iterations: 84 | Conflicts considered: 91 | Candidate repairs: 182
  A* calls: 214 | Successful repairs: 90 | Failed repairs: 0 | Stagnant repairs: 77
  States expanded: 4087919 | States generated: 9142956

=== medium_32 with N=32 ===
medium_32
  Grid: 128x128 | Robots: 32 | Planner: greedy-batch | Top-K disjoint conflicts: 32 | Workers: 32
  Total cost: 5200 | Total time: 238 | Final robot wait time: 0 | Final robot detours: 0 | Runtime: 3150.556 ms
  Repair iterations: 84 | Conflicts considered: 91 | Candidate repairs: 182
  A* calls: 214 | Successful repairs: 90 | Failed repairs: 0 | Stagnant repairs: 77
  States expanded: 4087919 | States generated: 9142956

=== medium_32 with N=64 ===
medium_32
  Grid: 128x128 | Robots: 32 | Planner: greedy-batch | Top-K disjoint conflicts: 32 | Workers: 64
  Total cost: 5200 | Total time: 238 | Final robot wait time: 0 | Final robot detours: 0 | Runtime: 3154.829 ms
  Repair iterations: 84 | Conflicts considered: 91 | Candidate repairs: 182
  A* calls: 214 | Successful repairs: 90 | Failed repairs: 0 | Stagnant repairs: 77
  States expanded: 4087919 | States generated: 9142956

=== medium_32 with N=128 ===
medium_32
  Grid: 128x128 | Robots: 32 | Planner: greedy-batch | Top-K disjoint conflicts: 32 | Workers: 128
  Total cost: 5200 | Total time: 238 | Final robot wait time: 0 | Final robot detours: 0 | Runtime: 3080.187 ms
  Repair iterations: 84 | Conflicts considered: 91 | Candidate repairs: 182
  A* calls: 214 | Successful repairs: 90 | Failed repairs: 0 | Stagnant repairs: 77
  States expanded: 4087919 | States generated: 9142956

Combined results written to benchmark_results/medium_32_scaling_40133775.txt
